This is XeTeX, Version 3.14159265-2.6-0.99999 (MiKTeX 2.9.6840 64-bit) (preloaded format=xelatex 2024.2.1)  16 JUN 2025 15:46
entering extended mode
**./index.tex
(index.tex
LaTeX2e <2018-04-01> patch level 5

! LaTeX Error: File `scrreport.cls' not found.

Type X to quit or <RETURN> to proceed,
or enter new name. (Default extension: cls)

Enter file name: 
! Emergency stop.
<read *> 
         
l.10 ^^M
         
Here is how much of TeX's memory you used:
 12 strings out of 427796
 140 string characters out of 3151770
 63169 words of memory out of 3000000
 4108 multiletter control sequences out of 15000+200000
 3640 words of font info for 14 fonts, out of 3000000 for 9000
 1328 hyphenation exceptions out of 8191
 10i,0n,8p,88b,8s stack positions out of 5000i,500n,10000p,200000b,50000s

No pages of output.
